// Jest Snapshot v1, https://goo.gl/fbAQLP

exports[`App Component renders without crashing in 'debug' mode Tue Jun 11 2019 18:05:56 GMT+1000 (Australian Eastern Standard Time) 1`] = `
<Fragment>
  <Switch>
    <Route
      component={[Function]}
      exact={true}
      path="/"
    />
    <Route
      component={[Function]}
      path="/gallery"
    />
    <Route
      component={[Function]}
    />
  </Switch>
</Fragment>
`;
