// Jest Snapshot v1, https://goo.gl/fbAQLP

exports[`App Component renders without crashing in 'debug' mode Wed Jun 26 2019 18:06:04 GMT+1000 (Australian Eastern Standard Time) 1`] = `<Preloader />`;

exports[`Gallery Component renders without crashing in 'debug' mode Wed Jun 26 2019 18:18:26 GMT+1000 (Australian Eastern Standard Time) 1`] = `
<Fragment>
  <div
    className="container-fluid galleryContainer"
    id="photos"
  >
    <img
      alt="icons8.com"
      className="layout-change-icon"
      onClick={[Function]}
      src="puzzle.png"
    />
  </div>
  <footer>
    <ScrollButton />
    <p>
      © Copyright message goes Here
    </p>
  </footer>
</Fragment>
`;
